


ARM Macro Assembler    Page 1 


    1 00000000                 PRESERVE8
    2 00000000                 THUMB
    3 00000000         
    4 00000000 00004000 
                       Stack_Size
                               EQU              0x00004000
    5 00000000 00002000 
                       Heap_Size
                               EQU              0x00002000
    6 00000000         
    7 00000000                 AREA             STACK, DATA, NOINIT, READWRITE,
 ALIGN=3
    8 00000000         Stack_Mem
                               SPACE            Stack_Size
    9 00004000                 EXPORT           __initial_sp
   10 00004000         __initial_sp
   11 00004000         
   12 00004000                 AREA             HEAP, DATA, NOINIT, READWRITE, 
ALIGN=3
   13 00000000                 EXPORT           __heap_base
   14 00000000         __heap_base
   15 00000000         Heap_Mem
                               SPACE            Heap_Size
   16 00002000                 EXPORT           __heap_limit
   17 00002000         __heap_limit
   18 00002000         
   19 00002000                 AREA             RESET, DATA, READONLY, ALIGN=3
   20 00000000                 EXPORT           __Vectors
   21 00000000 00000000 
                       __Vectors
                               DCD              __initial_sp
   22 00000004 00000000        DCD              Reset_Handler
   23 00000008 00000000        DCD              NMI_Handler
   24 0000000C 00000000        DCD              HardFault_Handler
   25 00000010 00000000        DCD              MemManage_Handler
   26 00000014 00000000        DCD              BusFault_Handler
   27 00000018 00000000        DCD              UsageFault_Handler
   28 0000001C 00000000        DCD              0
   29 00000020 00000000        DCD              0
   30 00000024 00000000        DCD              0
   31 00000028 00000000        DCD              0
   32 0000002C 00000000        DCD              SVC_Handler
   33 00000030 00000000        DCD              DebugMon_Handler
   34 00000034 00000000        DCD              0
   35 00000038 00000000        DCD              PendSV_Handler
   36 0000003C 00000000        DCD              SysTick_Handler
   37 00000040         
   38 00000040                 ALIGN
   39 00000040         
   40 00000040                 AREA             |.text|, CODE, READONLY
   41 00000000         
   42 00000000                 IMPORT           __main
   43 00000000         
   44 00000000                 EXPORT           Reset_Handler [WEAK]
   45 00000000         Reset_Handler
                               PROC
   46 00000000 4806            LDR              R0, =SystemInit
   47 00000002 4780            BLX              R0
   48 00000004 4806            LDR              R0, =__main



ARM Macro Assembler    Page 2 


   49 00000006 4700            BX               R0
   50 00000008                 ENDP
   51 00000008         
   52 00000008                 ALIGN
   53 00000008         
   54 00000008                 EXPORT           NMI_Handler [WEAK]
   55 00000008         NMI_Handler
                               PROC
   56 00000008 E7FE            B                .
   57 0000000A                 ENDP
   58 0000000A         
   59 0000000A                 EXPORT           HardFault_Handler [WEAK]
   60 0000000A         HardFault_Handler
                               PROC
   61 0000000A E7FE            B                .
   62 0000000C                 ENDP
   63 0000000C         
   64 0000000C                 EXPORT           MemManage_Handler [WEAK]
   65 0000000C         MemManage_Handler
                               PROC
   66 0000000C E7FE            B                .
   67 0000000E                 ENDP
   68 0000000E         
   69 0000000E                 EXPORT           BusFault_Handler [WEAK]
   70 0000000E         BusFault_Handler
                               PROC
   71 0000000E E7FE            B                .
   72 00000010                 ENDP
   73 00000010         
   74 00000010                 EXPORT           UsageFault_Handler [WEAK]
   75 00000010         UsageFault_Handler
                               PROC
   76 00000010 E7FE            B                .
   77 00000012                 ENDP
   78 00000012         
   79 00000012                 EXPORT           SVC_Handler [WEAK]
   80 00000012         SVC_Handler
                               PROC
   81 00000012 E7FE            B                .
   82 00000014                 ENDP
   83 00000014         
   84 00000014                 EXPORT           DebugMon_Handler [WEAK]
   85 00000014         DebugMon_Handler
                               PROC
   86 00000014 E7FE            B                .
   87 00000016                 ENDP
   88 00000016         
   89 00000016                 EXPORT           PendSV_Handler [WEAK]
   90 00000016         PendSV_Handler
                               PROC
   91 00000016 E7FE            B                .
   92 00000018                 ENDP
   93 00000018         
   94 00000018                 EXPORT           SysTick_Handler [WEAK]
   95 00000018         SysTick_Handler
                               PROC
   96 00000018 E7FE            B                .
   97 0000001A                 ENDP
   98 0000001A         



ARM Macro Assembler    Page 3 


   99 0000001A                 EXPORT           SystemInit [WEAK]
  100 0000001A         SystemInit
                               PROC
  101 0000001A 4770            BX               LR
  102 0000001C                 ENDP
  103 0000001C         
  104 0000001C                 ALIGN
  105 0000001C         
  106 0000001C                 END
              00000000 
              00000000 
Command Line: --debug --xref --diag_suppress=9931,A1950W --cpu=Cortex-M7 --fpu=
SoftVFP --depend=.\objects\startup_armcm7.d -o.\objects\startup_armcm7.o -IC:\U
sers\LX\AppData\Local\KEIL\Packs\ARM\Cortex_DFP\1.1.0\Device\ARMCM7\Include --p
redefine="__UVISION_VERSION SETA 540" --predefine="ARMCM7 SETA 1" --list=.\list
ings\startup_armcm7.lst startup_ARMCM7.s



ARM Macro Assembler    Page 1 Alphabetic symbol ordering
Relocatable symbols

STACK 00000000

Symbol: STACK
   Definitions
      At line 7 in file startup_ARMCM7.s
   Uses
      None
Comment: STACK unused
Stack_Mem 00000000

Symbol: Stack_Mem
   Definitions
      At line 8 in file startup_ARMCM7.s
   Uses
      None
Comment: Stack_Mem unused
__initial_sp 00004000

Symbol: __initial_sp
   Definitions
      At line 10 in file startup_ARMCM7.s
   Uses
      At line 9 in file startup_ARMCM7.s
      At line 21 in file startup_ARMCM7.s

3 symbols



ARM Macro Assembler    Page 1 Alphabetic symbol ordering
Relocatable symbols

HEAP 00000000

Symbol: HEAP
   Definitions
      At line 12 in file startup_ARMCM7.s
   Uses
      None
Comment: HEAP unused
Heap_Mem 00000000

Symbol: Heap_Mem
   Definitions
      At line 15 in file startup_ARMCM7.s
   Uses
      None
Comment: Heap_Mem unused
__heap_base 00000000

Symbol: __heap_base
   Definitions
      At line 14 in file startup_ARMCM7.s
   Uses
      At line 13 in file startup_ARMCM7.s
Comment: __heap_base used once
__heap_limit 00002000

Symbol: __heap_limit
   Definitions
      At line 17 in file startup_ARMCM7.s
   Uses
      At line 16 in file startup_ARMCM7.s
Comment: __heap_limit used once
4 symbols



ARM Macro Assembler    Page 1 Alphabetic symbol ordering
Relocatable symbols

RESET 00000000

Symbol: RESET
   Definitions
      At line 19 in file startup_ARMCM7.s
   Uses
      None
Comment: RESET unused
__Vectors 00000000

Symbol: __Vectors
   Definitions
      At line 21 in file startup_ARMCM7.s
   Uses
      At line 20 in file startup_ARMCM7.s
Comment: __Vectors used once
2 symbols



ARM Macro Assembler    Page 1 Alphabetic symbol ordering
Relocatable symbols

.text 00000000

Symbol: .text
   Definitions
      At line 40 in file startup_ARMCM7.s
   Uses
      None
Comment: .text unused
BusFault_Handler 0000000E

Symbol: BusFault_Handler
   Definitions
      At line 70 in file startup_ARMCM7.s
   Uses
      At line 26 in file startup_ARMCM7.s
      At line 69 in file startup_ARMCM7.s

DebugMon_Handler 00000014

Symbol: DebugMon_Handler
   Definitions
      At line 85 in file startup_ARMCM7.s
   Uses
      At line 33 in file startup_ARMCM7.s
      At line 84 in file startup_ARMCM7.s

HardFault_Handler 0000000A

Symbol: HardFault_Handler
   Definitions
      At line 60 in file startup_ARMCM7.s
   Uses
      At line 24 in file startup_ARMCM7.s
      At line 59 in file startup_ARMCM7.s

MemManage_Handler 0000000C

Symbol: MemManage_Handler
   Definitions
      At line 65 in file startup_ARMCM7.s
   Uses
      At line 25 in file startup_ARMCM7.s
      At line 64 in file startup_ARMCM7.s

NMI_Handler 00000008

Symbol: NMI_Handler
   Definitions
      At line 55 in file startup_ARMCM7.s
   Uses
      At line 23 in file startup_ARMCM7.s
      At line 54 in file startup_ARMCM7.s

PendSV_Handler 00000016

Symbol: PendSV_Handler
   Definitions
      At line 90 in file startup_ARMCM7.s
   Uses



ARM Macro Assembler    Page 2 Alphabetic symbol ordering
Relocatable symbols

      At line 35 in file startup_ARMCM7.s
      At line 89 in file startup_ARMCM7.s

Reset_Handler 00000000

Symbol: Reset_Handler
   Definitions
      At line 45 in file startup_ARMCM7.s
   Uses
      At line 22 in file startup_ARMCM7.s
      At line 44 in file startup_ARMCM7.s

SVC_Handler 00000012

Symbol: SVC_Handler
   Definitions
      At line 80 in file startup_ARMCM7.s
   Uses
      At line 32 in file startup_ARMCM7.s
      At line 79 in file startup_ARMCM7.s

SysTick_Handler 00000018

Symbol: SysTick_Handler
   Definitions
      At line 95 in file startup_ARMCM7.s
   Uses
      At line 36 in file startup_ARMCM7.s
      At line 94 in file startup_ARMCM7.s

SystemInit 0000001A

Symbol: SystemInit
   Definitions
      At line 100 in file startup_ARMCM7.s
   Uses
      At line 46 in file startup_ARMCM7.s
      At line 99 in file startup_ARMCM7.s

UsageFault_Handler 00000010

Symbol: UsageFault_Handler
   Definitions
      At line 75 in file startup_ARMCM7.s
   Uses
      At line 27 in file startup_ARMCM7.s
      At line 74 in file startup_ARMCM7.s

12 symbols



ARM Macro Assembler    Page 1 Alphabetic symbol ordering
Absolute symbols

Heap_Size 00002000

Symbol: Heap_Size
   Definitions
      At line 5 in file startup_ARMCM7.s
   Uses
      At line 15 in file startup_ARMCM7.s
Comment: Heap_Size used once
Stack_Size 00004000

Symbol: Stack_Size
   Definitions
      At line 4 in file startup_ARMCM7.s
   Uses
      At line 8 in file startup_ARMCM7.s
Comment: Stack_Size used once
2 symbols



ARM Macro Assembler    Page 1 Alphabetic symbol ordering
External symbols

__main 00000000

Symbol: __main
   Definitions
      At line 42 in file startup_ARMCM7.s
   Uses
      At line 48 in file startup_ARMCM7.s
Comment: __main used once
1 symbol
358 symbols in table
